Calling hw with no input
  hw returned =========> 42
